
     APPID                                                                      
----------                                                                      
ANAME                                                                           
--------------------------------------------------------------------------------
        43                                                                      
Amaya                                                                           
                                                                                
        41                                                                      
Destiny                                                                         
                                                                                
        34                                                                      
Shaine                                                                          
                                                                                

     APPID                                                                      
----------                                                                      
ANAME                                                                           
--------------------------------------------------------------------------------
        30                                                                      
Amethyst                                                                        
                                                                                
        20                                                                      
Naomi                                                                           
                                                                                
        19                                                                      
Barbara                                                                         
                                                                                

6 rows selected.

