
PCATEGORY                                                                       
--------------------------------------------------------------------------------
AVERAGE_HEAD_COUNT                                                              
------------------                                                              
Web                                                                             
        5.33333333                                                              
                                                                                
SuperComputing                                                                  
                 5                                                              
                                                                                
Security                                                                        
                 3                                                              
                                                                                

PCATEGORY                                                                       
--------------------------------------------------------------------------------
AVERAGE_HEAD_COUNT                                                              
------------------                                                              
Novel                                                                           
        4.66666667                                                              
                                                                                
Database                                                                        
        5.33333333                                                              
                                                                                
Cloud                                                                           
                 6                                                              
                                                                                

6 rows selected.

