
ENGINEERID                                                                      
----------                                                                      
ENAME                                                                           
--------------------------------------------------------------------------------
       150                                                                      
Liang Weizhe                                                                    
                                                                                
       124                                                                      
Song Yi Hai                                                                     
                                                                                
       119                                                                      
Hu Ting Xu                                                                      
                                                                                

