
ANAME                                                                           
--------------------------------------------------------------------------------
    APRICE                                                                      
----------                                                                      
Lion                                                                            
     24900                                                                      
                                                                                
Tiger                                                                           
     20880                                                                      
                                                                                
Briar                                                                           
     19936                                                                      
                                                                                

