
  OFFICEID                                                                      
----------                                                                      
ONAME                                                                           
--------------------------------------------------------------------------------
         1                                                                      
Cloud Computing Research Center                                                 
                                                                                
         3                                                                      
Network Coding Research Center                                                  
                                                                                
         6                                                                      
Big Data Group                                                                  
                                                                                

