
ENGINEERID                                                                      
----------                                                                      
ENAME                                                                           
--------------------------------------------------------------------------------
        21                                                                      
Liupei Xuan                                                                     
                                                                                
        89                                                                      
Yip Guizhou                                                                     
                                                                                
        91                                                                      
Han Jiaxin                                                                      
                                                                                

ENGINEERID                                                                      
----------                                                                      
ENAME                                                                           
--------------------------------------------------------------------------------
       110                                                                      
Wujun Xian                                                                      
                                                                                
       130                                                                      
Li Weiliang                                                                     
                                                                                

